// Jest Snapshot v1, https://goo.gl/fbAQLP

exports[`ContentArea renders as expected 1`] = `
<section
  className="content-container"
/>
`;
