// Jest Snapshot v1, https://goo.gl/fbAQLP

exports[`EmptyContent renders as expected 1`] = `
<div
  class="content__empty"
>
  No films found
</div>
`;
