// Jest Snapshot v1, https://goo.gl/fbAQLP

exports[`ErrorBoundary renders as expected with error 1`] = `
<h1>
  Something went wrong
</h1>
`;

exports[`ErrorBoundary renders as expected without error 1`] = `""`;
