// Jest Snapshot v1, https://goo.gl/fbAQLP

exports[`Footer renders as expected 1`] = `
<footer>
  <div
    className="footer-container"
  >
    <Logo />
  </div>
</footer>
`;
