// Jest Snapshot v1, https://goo.gl/fbAQLP

exports[`Logo renders as expected 1`] = `
<div
  className="logo"
>
  netflixroulette
</div>
`;
